
> backend@0.0.1 test:e2e
> jest --config ./test/jest-e2e.json

node.exe : FAIL test/app.e2e-spec.ts
At C:\Users\babai\AppData\Roaming\npm\npm.p
s1:24 char:5
+     & "node$exe"  
"$basedir/node_modules/npm/bin/npm-cli.js" 
$args
+     ~~~~~~~~~~~~~~~~~~~~~~~~~~~~~~~~~~~~~
~~~~~~~~~~~~~~~~~~~~~~~~~
    + CategoryInfo          : NotSpecified 
   : (FAIL test/app.e2e-spec.ts:String) [  
  ], RemoteException
    + FullyQualifiedErrorId : NativeComman 
   dError
 
  ΓùÅ Test suite failed to run

    Jest encountered an unexpected token

    Jest failed to parse a file. This 
happens e.g. when your code or its 
dependencies use non-standard JavaScript 
syntax, or when Jest is not configured to 
support such syntax.

    Out of the box Jest supports Babel, 
which will be used to transform your files 
into valid JS based on your Babel 
configuration.

    By default "node_modules" folder is 
ignored by transformers.

    Here's what you can do:
     ΓÇó If you are trying to use 
ECMAScript Modules, see 
https://jestjs.io/docs/ecmascript-modules 
for how to enable it.
     ΓÇó If you are trying to use 
TypeScript, see https://jestjs.io/docs/gett
ing-started#using-typescript
     ΓÇó To have some of your 
"node_modules" files transformed, you can 
specify a custom "transformIgnorePatterns" 
in your config.
     ΓÇó If you need a custom 
transformation, specify a "transform" 
option in your config.
     ΓÇó If you simply want to mock your 
non-JS modules (e.g. binary assets) you 
can stub them out with the 
"moduleNameMapper" config option.

    You'll find more details and examples 
of these config options in the docs:
    https://jestjs.io/docs/configuration
    For information about custom 
transformations, see:
    
https://jestjs.io/docs/code-transformation

    Details:

    D:\Nutri_tiffin\backend\node_modules\uu
id\dist-node\index.js:1
    export { default as MAX } from 
'./max.js';
    ^^^^^^

    SyntaxError: Unexpected token 'export'

    [0m [90m 2 |[39m [36mimport[39m { 
[33mConfigService[39m } [36mfrom[39m 
[32m'@nestjs/config'[39m[33m;[39m
     [90m 3 |[39m [36mimport[39m { 
[33mS3Client[39m[33m,[39m 
[33mPutObjectCommand[39m } 
[36mfrom[39m 
[32m'@aws-sdk/client-s3'[39m[33m;[39m
    [31m[1m>[22m[39m[90m 4 |[39m 
[36mimport[39m { v4 [36mas[39m uuidv4 
} [36mfrom[39m 
[32m'uuid'[39m[33m;[39m
     [90m   |[39m [31m[1m^[22m[39m
     [90m 5 |[39m
     [90m 6 |[39m 
[33m@[39m[33mInjectable[39m()
     [90m 7 |[39m [36mexport[39m 
[36mclass[39m [33mS3Service[39m {[0m

      at Runtime.createScriptFromCode (../n
ode_modules/jest-runtime/build/index.js:131
8:40)
      at Object.<anonymous> 
(../src/common/s3/s3.service.ts:4:1)
      at Object.<anonymous> 
(../src/common/common.module.ts:2:1)
      at Object.<anonymous> 
(../src/kitchens/kitchens.module.ts:6:1)
      at Object.<anonymous> 
(../src/app.module.ts:9:1)
      at Object.<anonymous> 
(app.e2e-spec.ts:5:1)

FAIL test/change-password.e2e-spec.ts
  ΓùÅ Test suite failed to run

    Jest encountered an unexpected token

    Jest failed to parse a file. This 
happens e.g. when your code or its 
dependencies use non-standard JavaScript 
syntax, or when Jest is not configured to 
support such syntax.

    Out of the box Jest supports Babel, 
which will be used to transform your files 
into valid JS based on your Babel 
configuration.

    By default "node_modules" folder is 
ignored by transformers.

    Here's what you can do:
     ΓÇó If you are trying to use 
ECMAScript Modules, see 
https://jestjs.io/docs/ecmascript-modules 
for how to enable it.
     ΓÇó If you are trying to use 
TypeScript, see https://jestjs.io/docs/gett
ing-started#using-typescript
     ΓÇó To have some of your 
"node_modules" files transformed, you can 
specify a custom "transformIgnorePatterns" 
in your config.
     ΓÇó If you need a custom 
transformation, specify a "transform" 
option in your config.
     ΓÇó If you simply want to mock your 
non-JS modules (e.g. binary assets) you 
can stub them out with the 
"moduleNameMapper" config option.

    You'll find more details and examples 
of these config options in the docs:
    https://jestjs.io/docs/configuration
    For information about custom 
transformations, see:
    
https://jestjs.io/docs/code-transformation

    Details:

    D:\Nutri_tiffin\backend\node_modules\uu
id\dist-node\index.js:1
    export { default as MAX } from 
'./max.js';
    ^^^^^^

    SyntaxError: Unexpected token 'export'

    [0m [90m 2 |[39m [36mimport[39m { 
[33mConfigService[39m } [36mfrom[39m 
[32m'@nestjs/config'[39m[33m;[39m
     [90m 3 |[39m [36mimport[39m { 
[33mS3Client[39m[33m,[39m 
[33mPutObjectCommand[39m } 
[36mfrom[39m 
[32m'@aws-sdk/client-s3'[39m[33m;[39m
    [31m[1m>[22m[39m[90m 4 |[39m 
[36mimport[39m { v4 [36mas[39m uuidv4 
} [36mfrom[39m 
[32m'uuid'[39m[33m;[39m
     [90m   |[39m [31m[1m^[22m[39m
     [90m 5 |[39m
     [90m 6 |[39m 
[33m@[39m[33mInjectable[39m()
     [90m 7 |[39m [36mexport[39m 
[36mclass[39m [33mS3Service[39m {[0m

      at Runtime.createScriptFromCode (../n
ode_modules/jest-runtime/build/index.js:131
8:40)
      at Object.<anonymous> 
(../src/common/s3/s3.service.ts:4:1)
      at Object.<anonymous> 
(../src/common/common.module.ts:2:1)
      at Object.<anonymous> 
(../src/kitchens/kitchens.module.ts:6:1)
      at Object.<anonymous> 
(../src/app.module.ts:9:1)
      at Object.<anonymous> 
(change-password.e2e-spec.ts:4:1)

Test Suites: 2 failed, 2 total
Tests:       0 total
Snapshots:   0 total
Time:        4.296 s
Ran all test suites.
